  Determining projects to restore...
e:\Kemora\Kemora.Infrastructure\Kemora.Infrastructure.csproj : warning NU1510: PackageReference Microsoft.Extensions.Http will not be pruned. Consider removing this package from your dependencies, as it is likely unnecessary. [e:\Kemora\Kemora.sln]
e:\Kemora\Kemora.Infrastructure\Kemora.Infrastructure.csproj : warning NU1510: PackageReference Microsoft.Extensions.Configuration.Abstractions will not be pruned. Consider removing this package from your dependencies, as it is likely unnecessary. [e:\Kemora\Kemora.sln]
  All projects are up-to-date for restore.
C:\Program Files\dotnet\sdk\10.0.200-preview.0.26103.119\Sdks\Microsoft.NET.Sdk\targets\Microsoft.NET.RuntimeIdentifierInference.targets(383,5): message NETSDK1057: You are using a preview version of .NET. See: https://aka.ms/dotnet-support-policy [e:\Kemora\Kemora.Infrastructure\Kemora.Infrastructure.csproj]
C:\Program Files\dotnet\sdk\10.0.200-preview.0.26103.119\Sdks\Microsoft.NET.Sdk\targets\Microsoft.NET.RuntimeIdentifierInference.targets(383,5): message NETSDK1057: You are using a preview version of .NET. See: https://aka.ms/dotnet-support-policy [e:\Kemora\Kemora.Application\Kemora.Application.csproj]
C:\Program Files\dotnet\sdk\10.0.200-preview.0.26103.119\Sdks\Microsoft.NET.Sdk\targets\Microsoft.NET.RuntimeIdentifierInference.targets(383,5): message NETSDK1057: You are using a preview version of .NET. See: https://aka.ms/dotnet-support-policy [e:\Kemora\Kemora.Api\Kemora.Api.csproj]
e:\Kemora\Kemora.Infrastructure\Kemora.Infrastructure.csproj : warning NU1510: PackageReference Microsoft.Extensions.Http will not be pruned. Consider removing this package from your dependencies, as it is likely unnecessary.
e:\Kemora\Kemora.Infrastructure\Kemora.Infrastructure.csproj : warning NU1510: PackageReference Microsoft.Extensions.Configuration.Abstractions will not be pruned. Consider removing this package from your dependencies, as it is likely unnecessary.
C:\Program Files\dotnet\sdk\10.0.200-preview.0.26103.119\Sdks\Microsoft.NET.Sdk\targets\Microsoft.NET.RuntimeIdentifierInference.targets(383,5): message NETSDK1057: You are using a preview version of .NET. See: https://aka.ms/dotnet-support-policy [e:\Kemora\Kemora.Domain\Kemora.Domain.csproj]
  Kemora.Domain -> e:\Kemora\Kemora.Domain\bin\Debug\net10.0\Kemora.Domain.dll
e:\Kemora\Kemora.Application\Interfaces\IPlaceManagementService.cs(9,14): error CS0246: The type or namespace name 'GovernorateDto' could not be found (are you missing a using directive or an assembly reference?) [e:\Kemora\Kemora.Application\Kemora.Application.csproj]
e:\Kemora\Kemora.Application\Interfaces\IProfileService.cs(8,14): error CS0246: The type or namespace name 'ProfileDto' could not be found (are you missing a using directive or an assembly reference?) [e:\Kemora\Kemora.Application\Kemora.Application.csproj]
e:\Kemora\Kemora.Application\Interfaces\IPlacePublicService.cs(9,19): error CS0246: The type or namespace name 'PlacePublicDto' could not be found (are you missing a using directive or an assembly reference?) [e:\Kemora\Kemora.Application\Kemora.Application.csproj]
e:\Kemora\Kemora.Application\Interfaces\IReactionService.cs(9,64): error CS0246: The type or namespace name 'ReactToPostDto' could not be found (are you missing a using directive or an assembly reference?) [e:\Kemora\Kemora.Application\Kemora.Application.csproj]
e:\Kemora\Kemora.Application\Interfaces\IPlaceManagementService.cs(10,19): error CS0246: The type or namespace name 'GovernorateDto' could not be found (are you missing a using directive or an assembly reference?) [e:\Kemora\Kemora.Application\Kemora.Application.csproj]
e:\Kemora\Kemora.Application\Interfaces\IReactionService.cs(10,70): error CS0246: The type or namespace name 'ReactToCommentDto' could not be found (are you missing a using directive or an assembly reference?) [e:\Kemora\Kemora.Application\Kemora.Application.csproj]
e:\Kemora\Kemora.Application\Interfaces\IPlacePublicService.cs(10,14): error CS0246: The type or namespace name 'PlaceDetailPublicDto' could not be found (are you missing a using directive or an assembly reference?) [e:\Kemora\Kemora.Application\Kemora.Application.csproj]
e:\Kemora\Kemora.Application\Interfaces\IPlaceManagementService.cs(14,14): error CS0246: The type or namespace name 'CategoryDto' could not be found (are you missing a using directive or an assembly reference?) [e:\Kemora\Kemora.Application\Kemora.Application.csproj]
e:\Kemora\Kemora.Application\Interfaces\IPlaceManagementService.cs(15,19): error CS0246: The type or namespace name 'CategoryDto' could not be found (are you missing a using directive or an assembly reference?) [e:\Kemora\Kemora.Application\Kemora.Application.csproj]
e:\Kemora\Kemora.Application\Interfaces\IPlaceManagementService.cs(19,14): error CS0246: The type or namespace name 'PlaceTypeDto' could not be found (are you missing a using directive or an assembly reference?) [e:\Kemora\Kemora.Application\Kemora.Application.csproj]
e:\Kemora\Kemora.Application\Interfaces\IPlaceManagementService.cs(20,19): error CS0246: The type or namespace name 'PlaceTypeDto' could not be found (are you missing a using directive or an assembly reference?) [e:\Kemora\Kemora.Application\Kemora.Application.csproj]
e:\Kemora\Kemora.Application\Interfaces\IPlaceManagementService.cs(24,14): error CS0246: The type or namespace name 'PlaceAdminDto' could not be found (are you missing a using directive or an assembly reference?) [e:\Kemora\Kemora.Application\Kemora.Application.csproj]
e:\Kemora\Kemora.Application\Services\PlaceManagementService.cs(34,27): error CS0246: The type or namespace name 'GovernorateDto' could not be found (are you missing a using directive or an assembly reference?) [e:\Kemora\Kemora.Application\Kemora.Application.csproj]
e:\Kemora\Kemora.Application\Services\PlacePublicService.cs(22,32): error CS0246: The type or namespace name 'PlacePublicDto' could not be found (are you missing a using directive or an assembly reference?) [e:\Kemora\Kemora.Application\Kemora.Application.csproj]
e:\Kemora\Kemora.Application\Services\PlaceManagementService.cs(42,32): error CS0246: The type or namespace name 'GovernorateDto' could not be found (are you missing a using directive or an assembly reference?) [e:\Kemora\Kemora.Application\Kemora.Application.csproj]
e:\Kemora\Kemora.Application\Services\PlacePublicService.cs(28,27): error CS0246: The type or namespace name 'PlaceDetailPublicDto' could not be found (are you missing a using directive or an assembly reference?) [e:\Kemora\Kemora.Application\Kemora.Application.csproj]
e:\Kemora\Kemora.Application\Services\PlaceManagementService.cs(66,27): error CS0246: The type or namespace name 'CategoryDto' could not be found (are you missing a using directive or an assembly reference?) [e:\Kemora\Kemora.Application\Kemora.Application.csproj]
e:\Kemora\Kemora.Application\Services\PlaceManagementService.cs(74,32): error CS0246: The type or namespace name 'CategoryDto' could not be found (are you missing a using directive or an assembly reference?) [e:\Kemora\Kemora.Application\Kemora.Application.csproj]
e:\Kemora\Kemora.Application\Services\PlaceManagementService.cs(98,27): error CS0246: The type or namespace name 'PlaceTypeDto' could not be found (are you missing a using directive or an assembly reference?) [e:\Kemora\Kemora.Application\Kemora.Application.csproj]
e:\Kemora\Kemora.Application\Services\ReactionService.cs(23,77): error CS0246: The type or namespace name 'ReactToPostDto' could not be found (are you missing a using directive or an assembly reference?) [e:\Kemora\Kemora.Application\Kemora.Application.csproj]
e:\Kemora\Kemora.Application\Services\PlaceManagementService.cs(109,32): error CS0246: The type or namespace name 'PlaceTypeDto' could not be found (are you missing a using directive or an assembly reference?) [e:\Kemora\Kemora.Application\Kemora.Application.csproj]
e:\Kemora\Kemora.Application\Services\ReactionService.cs(52,83): error CS0246: The type or namespace name 'ReactToCommentDto' could not be found (are you missing a using directive or an assembly reference?) [e:\Kemora\Kemora.Application\Kemora.Application.csproj]
e:\Kemora\Kemora.Application\Services\ProfileService.cs(19,27): error CS0246: The type or namespace name 'ProfileDto' could not be found (are you missing a using directive or an assembly reference?) [e:\Kemora\Kemora.Application\Kemora.Application.csproj]
e:\Kemora\Kemora.Application\Services\PlaceManagementService.cs(133,27): error CS0246: The type or namespace name 'PlaceAdminDto' could not be found (are you missing a using directive or an assembly reference?) [e:\Kemora\Kemora.Application\Kemora.Application.csproj]

Build FAILED.

e:\Kemora\Kemora.Infrastructure\Kemora.Infrastructure.csproj : warning NU1510: PackageReference Microsoft.Extensions.Http will not be pruned. Consider removing this package from your dependencies, as it is likely unnecessary. [e:\Kemora\Kemora.sln]
e:\Kemora\Kemora.Infrastructure\Kemora.Infrastructure.csproj : warning NU1510: PackageReference Microsoft.Extensions.Configuration.Abstractions will not be pruned. Consider removing this package from your dependencies, as it is likely unnecessary. [e:\Kemora\Kemora.sln]
e:\Kemora\Kemora.Infrastructure\Kemora.Infrastructure.csproj : warning NU1510: PackageReference Microsoft.Extensions.Http will not be pruned. Consider removing this package from your dependencies, as it is likely unnecessary.
e:\Kemora\Kemora.Infrastructure\Kemora.Infrastructure.csproj : warning NU1510: PackageReference Microsoft.Extensions.Configuration.Abstractions will not be pruned. Consider removing this package from your dependencies, as it is likely unnecessary.
e:\Kemora\Kemora.Application\Interfaces\IPlaceManagementService.cs(9,14): error CS0246: The type or namespace name 'GovernorateDto' could not be found (are you missing a using directive or an assembly reference?) [e:\Kemora\Kemora.Application\Kemora.Application.csproj]
e:\Kemora\Kemora.Application\Interfaces\IProfileService.cs(8,14): error CS0246: The type or namespace name 'ProfileDto' could not be found (are you missing a using directive or an assembly reference?) [e:\Kemora\Kemora.Application\Kemora.Application.csproj]
e:\Kemora\Kemora.Application\Interfaces\IPlacePublicService.cs(9,19): error CS0246: The type or namespace name 'PlacePublicDto' could not be found (are you missing a using directive or an assembly reference?) [e:\Kemora\Kemora.Application\Kemora.Application.csproj]
e:\Kemora\Kemora.Application\Interfaces\IReactionService.cs(9,64): error CS0246: The type or namespace name 'ReactToPostDto' could not be found (are you missing a using directive or an assembly reference?) [e:\Kemora\Kemora.Application\Kemora.Application.csproj]
e:\Kemora\Kemora.Application\Interfaces\IPlaceManagementService.cs(10,19): error CS0246: The type or namespace name 'GovernorateDto' could not be found (are you missing a using directive or an assembly reference?) [e:\Kemora\Kemora.Application\Kemora.Application.csproj]
e:\Kemora\Kemora.Application\Interfaces\IReactionService.cs(10,70): error CS0246: The type or namespace name 'ReactToCommentDto' could not be found (are you missing a using directive or an assembly reference?) [e:\Kemora\Kemora.Application\Kemora.Application.csproj]
e:\Kemora\Kemora.Application\Interfaces\IPlacePublicService.cs(10,14): error CS0246: The type or namespace name 'PlaceDetailPublicDto' could not be found (are you missing a using directive or an assembly reference?) [e:\Kemora\Kemora.Application\Kemora.Application.csproj]
e:\Kemora\Kemora.Application\Interfaces\IPlaceManagementService.cs(14,14): error CS0246: The type or namespace name 'CategoryDto' could not be found (are you missing a using directive or an assembly reference?) [e:\Kemora\Kemora.Application\Kemora.Application.csproj]
e:\Kemora\Kemora.Application\Interfaces\IPlaceManagementService.cs(15,19): error CS0246: The type or namespace name 'CategoryDto' could not be found (are you missing a using directive or an assembly reference?) [e:\Kemora\Kemora.Application\Kemora.Application.csproj]
e:\Kemora\Kemora.Application\Interfaces\IPlaceManagementService.cs(19,14): error CS0246: The type or namespace name 'PlaceTypeDto' could not be found (are you missing a using directive or an assembly reference?) [e:\Kemora\Kemora.Application\Kemora.Application.csproj]
e:\Kemora\Kemora.Application\Interfaces\IPlaceManagementService.cs(20,19): error CS0246: The type or namespace name 'PlaceTypeDto' could not be found (are you missing a using directive or an assembly reference?) [e:\Kemora\Kemora.Application\Kemora.Application.csproj]
e:\Kemora\Kemora.Application\Interfaces\IPlaceManagementService.cs(24,14): error CS0246: The type or namespace name 'PlaceAdminDto' could not be found (are you missing a using directive or an assembly reference?) [e:\Kemora\Kemora.Application\Kemora.Application.csproj]
e:\Kemora\Kemora.Application\Services\PlaceManagementService.cs(34,27): error CS0246: The type or namespace name 'GovernorateDto' could not be found (are you missing a using directive or an assembly reference?) [e:\Kemora\Kemora.Application\Kemora.Application.csproj]
e:\Kemora\Kemora.Application\Services\PlacePublicService.cs(22,32): error CS0246: The type or namespace name 'PlacePublicDto' could not be found (are you missing a using directive or an assembly reference?) [e:\Kemora\Kemora.Application\Kemora.Application.csproj]
e:\Kemora\Kemora.Application\Services\PlaceManagementService.cs(42,32): error CS0246: The type or namespace name 'GovernorateDto' could not be found (are you missing a using directive or an assembly reference?) [e:\Kemora\Kemora.Application\Kemora.Application.csproj]
e:\Kemora\Kemora.Application\Services\PlacePublicService.cs(28,27): error CS0246: The type or namespace name 'PlaceDetailPublicDto' could not be found (are you missing a using directive or an assembly reference?) [e:\Kemora\Kemora.Application\Kemora.Application.csproj]
e:\Kemora\Kemora.Application\Services\PlaceManagementService.cs(66,27): error CS0246: The type or namespace name 'CategoryDto' could not be found (are you missing a using directive or an assembly reference?) [e:\Kemora\Kemora.Application\Kemora.Application.csproj]
e:\Kemora\Kemora.Application\Services\PlaceManagementService.cs(74,32): error CS0246: The type or namespace name 'CategoryDto' could not be found (are you missing a using directive or an assembly reference?) [e:\Kemora\Kemora.Application\Kemora.Application.csproj]
e:\Kemora\Kemora.Application\Services\PlaceManagementService.cs(98,27): error CS0246: The type or namespace name 'PlaceTypeDto' could not be found (are you missing a using directive or an assembly reference?) [e:\Kemora\Kemora.Application\Kemora.Application.csproj]
e:\Kemora\Kemora.Application\Services\ReactionService.cs(23,77): error CS0246: The type or namespace name 'ReactToPostDto' could not be found (are you missing a using directive or an assembly reference?) [e:\Kemora\Kemora.Application\Kemora.Application.csproj]
e:\Kemora\Kemora.Application\Services\PlaceManagementService.cs(109,32): error CS0246: The type or namespace name 'PlaceTypeDto' could not be found (are you missing a using directive or an assembly reference?) [e:\Kemora\Kemora.Application\Kemora.Application.csproj]
e:\Kemora\Kemora.Application\Services\ReactionService.cs(52,83): error CS0246: The type or namespace name 'ReactToCommentDto' could not be found (are you missing a using directive or an assembly reference?) [e:\Kemora\Kemora.Application\Kemora.Application.csproj]
e:\Kemora\Kemora.Application\Services\ProfileService.cs(19,27): error CS0246: The type or namespace name 'ProfileDto' could not be found (are you missing a using directive or an assembly reference?) [e:\Kemora\Kemora.Application\Kemora.Application.csproj]
e:\Kemora\Kemora.Application\Services\PlaceManagementService.cs(133,27): error CS0246: The type or namespace name 'PlaceAdminDto' could not be found (are you missing a using directive or an assembly reference?) [e:\Kemora\Kemora.Application\Kemora.Application.csproj]
    4 Warning(s)
    24 Error(s)

Time Elapsed 00:00:07.02
